// Jest Snapshot v1, https://goo.gl/fbAQLP

exports[`DLT API Test 1`] = `{}`;
