// Jest Snapshot v1, https://goo.gl/fbAQLP

exports[`DLT API Test 1`] = `
{
  "Resources": {
    "TestConsoleResourcesDLTCloudFrontToS3CloudFrontDistribution4534927E": {
      "Metadata": {
        "cfn_nag": {
          "rules_to_suppress": [
            {
              "id": "W70",
              "reason": "Since the distribution uses the CloudFront domain name, CloudFront automatically sets the security policy to TLSv1 regardless of the value of MinimumProtocolVersion",
            },
          ],
        },
      },
      "Properties": {
        "DistributionConfig": {
          "Comment": "Website distribution for the Distributed Load Testing solution",
          "CustomErrorResponses": [
            {
              "ErrorCode": 403,
              "ResponseCode": 200,
              "ResponsePagePath": "/index.html",
            },
            {
              "ErrorCode": 404,
              "ResponseCode": 200,
              "ResponsePagePath": "/index.html",
            },
          ],
          "DefaultCacheBehavior": {
            "CachePolicyId": "658327ea-f89d-4fab-a63d-7e88639e58f6",
            "Compress": true,
            "TargetOriginId": "DLTStackTestConsoleResourcesDLTCloudFrontToS3CloudFrontDistributionOrigin1AA2FCD06",
            "ViewerProtocolPolicy": "redirect-to-https",
          },
          "DefaultRootObject": "index.html",
          "Enabled": true,
          "HttpVersion": "http2",
          "IPV6Enabled": true,
          "Logging": {
            "Bucket": {
              "Fn::GetAtt": [
                "testSourceCodeBucketC577B176",
                "RegionalDomainName",
              ],
            },
            "Prefix": "cloudfront-logs/",
          },
          "Origins": [
            {
              "DomainName": {
                "Fn::GetAtt": [
                  "TestConsoleResourcesDLTCloudFrontToS3S3BucketAC4D9E17",
                  "RegionalDomainName",
                ],
              },
              "Id": "DLTStackTestConsoleResourcesDLTCloudFrontToS3CloudFrontDistributionOrigin1AA2FCD06",
              "S3OriginConfig": {
                "OriginAccessIdentity": {
                  "Fn::Join": [
                    "",
                    [
                      "origin-access-identity/cloudfront/",
                      {
                        "Ref": "TestConsoleResourcesDLTCloudFrontToS3CloudFrontDistributionOrigin1S3OriginDB11D6D3",
                      },
                    ],
                  ],
                },
              },
            },
          ],
        },
      },
      "Type": "AWS::CloudFront::Distribution",
    },
    "TestConsoleResourcesDLTCloudFrontToS3CloudFrontDistributionOrigin1S3OriginDB11D6D3": {
      "Properties": {
        "CloudFrontOriginAccessIdentityConfig": {
          "Comment": "Identity for DLTStackTestConsoleResourcesDLTCloudFrontToS3CloudFrontDistributionOrigin1AA2FCD06",
        },
      },
      "Type": "AWS::CloudFront::CloudFrontOriginAccessIdentity",
    },
    "TestConsoleResourcesDLTCloudFrontToS3S3BucketAC4D9E17": {
      "DeletionPolicy": "Retain",
      "Properties": {
        "BucketEncryption": {
          "ServerSideEncryptionConfiguration": [
            {
              "ServerSideEncryptionByDefault": {
                "SSEAlgorithm": "AES256",
              },
            },
          ],
        },
        "LifecycleConfiguration": {
          "Rules": [
            {
              "NoncurrentVersionTransitions": [
                {
                  "StorageClass": "GLACIER",
                  "TransitionInDays": 90,
                },
              ],
              "Status": "Enabled",
            },
          ],
        },
        "LoggingConfiguration": {
          "DestinationBucketName": {
            "Ref": "testSourceCodeBucketC577B176",
          },
          "LogFilePrefix": "console-bucket-access/",
        },
        "PublicAccessBlockConfiguration": {
          "BlockPublicAcls": true,
          "BlockPublicPolicy": true,
          "IgnorePublicAcls": true,
          "RestrictPublicBuckets": true,
        },
        "VersioningConfiguration": {
          "Status": "Enabled",
        },
      },
      "Type": "AWS::S3::Bucket",
      "UpdateReplacePolicy": "Retain",
    },
    "TestConsoleResourcesDLTCloudFrontToS3S3BucketPolicy2004C0F3": {
      "Metadata": {
        "cfn_nag": {
          "rules_to_suppress": [
            {
              "id": "F16",
              "reason": "Public website bucket policy requires a wildcard principal",
            },
          ],
        },
      },
      "Properties": {
        "Bucket": {
          "Ref": "TestConsoleResourcesDLTCloudFrontToS3S3BucketAC4D9E17",
        },
        "PolicyDocument": {
          "Statement": [
            {
              "Action": "s3:*",
              "Condition": {
                "Bool": {
                  "aws:SecureTransport": "false",
                },
              },
              "Effect": "Deny",
              "Principal": {
                "AWS": "*",
              },
              "Resource": [
                {
                  "Fn::GetAtt": [
                    "TestConsoleResourcesDLTCloudFrontToS3S3BucketAC4D9E17",
                    "Arn",
                  ],
                },
                {
                  "Fn::Join": [
                    "",
                    [
                      {
                        "Fn::GetAtt": [
                          "TestConsoleResourcesDLTCloudFrontToS3S3BucketAC4D9E17",
                          "Arn",
                        ],
                      },
                      "/*",
                    ],
                  ],
                },
              ],
            },
            {
              "Action": "s3:GetObject",
              "Effect": "Allow",
              "Principal": {
                "CanonicalUser": {
                  "Fn::GetAtt": [
                    "TestConsoleResourcesDLTCloudFrontToS3CloudFrontDistributionOrigin1S3OriginDB11D6D3",
                    "S3CanonicalUserId",
                  ],
                },
              },
              "Resource": {
                "Fn::Join": [
                  "",
                  [
                    {
                      "Fn::GetAtt": [
                        "TestConsoleResourcesDLTCloudFrontToS3S3BucketAC4D9E17",
                        "Arn",
                      ],
                    },
                    "/*",
                  ],
                ],
              },
            },
          ],
          "Version": "2012-10-17",
        },
      },
      "Type": "AWS::S3::BucketPolicy",
    },
    "testSourceCodeBucketC577B176": {
      "DeletionPolicy": "Retain",
      "Properties": {
        "AccessControl": "LogDeliveryWrite",
        "OwnershipControls": {
          "Rules": [
            {
              "ObjectOwnership": "ObjectWriter",
            },
          ],
        },
      },
      "Type": "AWS::S3::Bucket",
      "UpdateReplacePolicy": "Retain",
    },
  },
}
`;
