// Jest Snapshot v1, https://goo.gl/fbAQLP

exports[`DLT API Test 1`] = `
{
  "Resources": {
    "DLTCustomResourceInfraCustomResourceLambdaA4053269": {
      "DependsOn": [
        "TestCustomResourceInfraCustomResourceLambdaRole03671AE8",
      ],
      "Metadata": {
        "cfn_nag": {
          "rules_to_suppress": [
            {
              "id": "W58",
              "reason": "CloudWatchLogsPolicy covers a permission to write CloudWatch logs.",
            },
            {
              "id": "W89",
              "reason": "VPC not needed for lambda",
            },
            {
              "id": "W92",
              "reason": "Does not run concurrent executions",
            },
          ],
        },
      },
      "Properties": {
        "Code": {
          "S3Bucket": {
            "Fn::Sub": "cdk-hnb659fds-assets-\${AWS::AccountId}-\${AWS::Region}",
          },
          "S3Key": "Omitted to remove snapshot dependency on hash",
        },
        "Description": "CFN Lambda backed custom resource to deploy assets to s3",
        "Environment": {
          "Variables": {
            "METRIC_URL": "https://metrics.awssolutionsbuilder.com/generic",
            "SOLUTION_ID": "testId",
            "VERSION": "testVersion",
          },
        },
        "Handler": "index.handler",
        "Role": {
          "Fn::GetAtt": [
            "TestCustomResourceInfraCustomResourceLambdaRole03671AE8",
            "Arn",
          ],
        },
        "Runtime": "nodejs20.x",
        "Timeout": 120,
      },
      "Type": "AWS::Lambda::Function",
    },
    "TestCustomResourceInfraCustomResourceLambdaRole03671AE8": {
      "Metadata": {
        "cfn_nag": {
          "rules_to_suppress": [
            {
              "id": "W11",
              "reason": "iot:DescribeEndpoint and iot:DetachPrincipalPolicy cannot specify the resource.",
            },
          ],
        },
      },
      "Properties": {
        "AssumeRolePolicyDocument": {
          "Statement": [
            {
              "Action": "sts:AssumeRole",
              "Effect": "Allow",
              "Principal": {
                "Service": "lambda.amazonaws.com",
              },
            },
          ],
          "Version": "2012-10-17",
        },
        "Policies": [
          {
            "PolicyDocument": {
              "Statement": [
                {
                  "Action": [
                    "iot:DescribeEndpoint",
                    "iot:DetachPrincipalPolicy",
                  ],
                  "Effect": "Allow",
                  "Resource": "*",
                },
                {
                  "Action": "iot:ListTargetsForPolicy",
                  "Effect": "Allow",
                  "Resource": {
                    "Fn::Join": [
                      "",
                      [
                        "arn:",
                        {
                          "Ref": "AWS::Partition",
                        },
                        ":iot:",
                        {
                          "Ref": "AWS::Region",
                        },
                        ":",
                        {
                          "Ref": "AWS::AccountId",
                        },
                        ":policy/*",
                      ],
                    ],
                  },
                },
              ],
              "Version": "2012-10-17",
            },
            "PolicyName": "CustomResourcePolicy",
          },
        ],
      },
      "Type": "AWS::IAM::Role",
    },
  },
}
`;
