// Jest Snapshot v1, https://goo.gl/fbAQLP

exports[`DLT API Test 1`] = `
{
  "Resources": {
    "TestCustomResourceInfraCustomResourceLambda92E822A7": {
      "DependsOn": [
        "TestCustomResourceInfraCustomResourceLambdaRoleDefaultPolicy46B2072F",
        "TestCustomResourceInfraCustomResourceLambdaRole03671AE8",
      ],
      "Metadata": {
        "cfn_nag": {
          "rules_to_suppress": [
            {
              "id": "W58",
              "reason": "CloudWatchLogsPolicy covers a permission to write CloudWatch logs.",
            },
            {
              "id": "W89",
              "reason": "VPC not needed for lambda",
            },
            {
              "id": "W92",
              "reason": "Does not run concurrent executions",
            },
          ],
        },
      },
      "Properties": {
        "Code": {
          "S3Bucket": {
            "Ref": "testSourceCodeBucketC577B176",
          },
          "S3Key": "test/source/prefix/main-custom-resource.zip",
        },
        "Description": "CFN Lambda backed custom resource to deploy assets to s3",
        "Environment": {
          "Variables": {
            "DDB_TABLE": "scenarioTestTable",
            "MAIN_REGION": "test-region-1",
            "METRIC_URL": "http://testurl.com",
            "S3_BUCKET": "scenariotestbucket",
            "SOLUTION_ID": "S0XXX",
            "VERSION": "testVersion",
          },
        },
        "Handler": "index.handler",
        "Role": {
          "Fn::GetAtt": [
            "TestCustomResourceInfraCustomResourceLambdaRole03671AE8",
            "Arn",
          ],
        },
        "Runtime": "nodejs16.x",
        "Timeout": 120,
      },
      "Type": "AWS::Lambda::Function",
    },
    "TestCustomResourceInfraCustomResourceLambdaRole03671AE8": {
      "Metadata": {
        "cfn_nag": {
          "rules_to_suppress": [
            {
              "id": "W11",
              "reason": "iot:DescribeEndpoint and iot:DetachPrincipalPolicy cannot specify the resource.",
            },
          ],
        },
      },
      "Properties": {
        "AssumeRolePolicyDocument": {
          "Statement": [
            {
              "Action": "sts:AssumeRole",
              "Effect": "Allow",
              "Principal": {
                "Service": "lambda.amazonaws.com",
              },
            },
          ],
          "Version": "2012-10-17",
        },
        "Policies": [
          {
            "PolicyDocument": {
              "Statement": [
                {
                  "Action": "s3:GetObject",
                  "Effect": "Allow",
                  "Resource": {
                    "Fn::Join": [
                      "",
                      [
                        {
                          "Fn::GetAtt": [
                            "testSourceCodeBucketC577B176",
                            "Arn",
                          ],
                        },
                        "/*",
                      ],
                    ],
                  },
                },
                {
                  "Action": [
                    "s3:PutObject",
                    "s3:DeleteObject",
                  ],
                  "Effect": "Allow",
                  "Resource": {
                    "Fn::Join": [
                      "",
                      [
                        "arn:",
                        {
                          "Ref": "AWS::Partition",
                        },
                        ":s3:::scenariotestbucket/*",
                      ],
                    ],
                  },
                },
                {
                  "Action": [
                    "dynamodb:PutItem",
                    "dynamodb:DeleteItem",
                  ],
                  "Effect": "Allow",
                  "Resource": {
                    "Fn::Join": [
                      "",
                      [
                        "arn:",
                        {
                          "Ref": "AWS::Partition",
                        },
                        ":dynamodb:test-region-1:",
                        {
                          "Ref": "AWS::AccountId",
                        },
                        ":table/scenarioTestTable",
                      ],
                    ],
                  },
                },
                {
                  "Action": [
                    "iot:DescribeEndpoint",
                    "iot:DetachPrincipalPolicy",
                  ],
                  "Effect": "Allow",
                  "Resource": "*",
                },
                {
                  "Action": "iot:ListTargetsForPolicy",
                  "Effect": "Allow",
                  "Resource": {
                    "Fn::Join": [
                      "",
                      [
                        "arn:",
                        {
                          "Ref": "AWS::Partition",
                        },
                        ":iot:",
                        {
                          "Ref": "AWS::Region",
                        },
                        ":",
                        {
                          "Ref": "AWS::AccountId",
                        },
                        ":policy/*",
                      ],
                    ],
                  },
                },
              ],
              "Version": "2012-10-17",
            },
            "PolicyName": "CustomResourcePolicy",
          },
        ],
      },
      "Type": "AWS::IAM::Role",
    },
    "TestCustomResourceInfraCustomResourceLambdaRoleDefaultPolicy46B2072F": {
      "Properties": {
        "PolicyDocument": {
          "Statement": [
            {
              "Action": "s3:PutObject",
              "Effect": "Allow",
              "Resource": [
                "test:console:bucket:arn",
                "test:console:bucket:arn/*",
              ],
            },
          ],
          "Version": "2012-10-17",
        },
        "PolicyName": "TestCustomResourceInfraCustomResourceLambdaRoleDefaultPolicy46B2072F",
        "Roles": [
          {
            "Ref": "TestCustomResourceInfraCustomResourceLambdaRole03671AE8",
          },
        ],
      },
      "Type": "AWS::IAM::Policy",
    },
    "TestPolicyCC05E598": {
      "Properties": {
        "PolicyDocument": {
          "Statement": [
            {
              "Action": "cloudwatch:Get*",
              "Effect": "Allow",
              "Resource": "*",
            },
          ],
          "Version": "2012-10-17",
        },
        "PolicyName": "TestPolicyCC05E598",
        "Roles": [
          {
            "Ref": "TestCustomResourceInfraCustomResourceLambdaRole03671AE8",
          },
        ],
      },
      "Type": "AWS::IAM::Policy",
    },
    "testSourceCodeBucketC577B176": {
      "DeletionPolicy": "Retain",
      "Type": "AWS::S3::Bucket",
      "UpdateReplacePolicy": "Retain",
    },
  },
}
`;
