// Jest Snapshot v1, https://goo.gl/fbAQLP

exports[`DLT ECS Test 1`] = `
{
  "Resources": {
    "TestECSDLTCloudWatchLogsGroup505959A6": {
      "DeletionPolicy": "Retain",
      "Metadata": {
        "cfn_nag": {
          "rules_to_suppress": [
            {
              "id": "W84",
              "reason": "KMS encryption unnecessary for log group",
            },
          ],
        },
      },
      "Properties": {
        "RetentionInDays": 365,
      },
      "Type": "AWS::Logs::LogGroup",
      "UpdateReplacePolicy": "Retain",
    },
    "TestECSDLTEcsCluster7C6F0F5D": {
      "Properties": {
        "ClusterName": {
          "Ref": "AWS::StackName",
        },
        "ClusterSettings": [
          {
            "Name": "containerInsights",
            "Value": "enabled",
          },
        ],
        "Tags": [
          {
            "Key": "CloudFormation Stack",
            "Value": {
              "Ref": "AWS::StackName",
            },
          },
          {
            "Key": "SolutionId",
            "Value": "SO0062",
          },
        ],
      },
      "Type": "AWS::ECS::Cluster",
    },
    "TestECSDLTEcsSecurityGroupFE5016DC": {
      "Metadata": {
        "cfn_nag": {
          "rules_to_suppress": [
            {
              "id": "W40",
              "reason": "IpProtocol set to -1 (any) as ports are not known prior to running tests",
            },
          ],
        },
      },
      "Properties": {
        "GroupDescription": "DLTS Tasks Security Group",
        "VpcId": "vpc-1a2b3c4d5e",
      },
      "Type": "AWS::EC2::SecurityGroup",
    },
    "TestECSDLTSecGroupEgressFC1E4757": {
      "Properties": {
        "CidrIp": "0.0.0.0/0",
        "Description": "Allow tasks to call out to external resources",
        "GroupId": {
          "Ref": "TestECSDLTEcsSecurityGroupFE5016DC",
        },
        "IpProtocol": "-1",
      },
      "Type": "AWS::EC2::SecurityGroupEgress",
    },
    "TestECSDLTSecGroupIngress78B83F3F": {
      "Properties": {
        "Description": "Allow tasks to communicate",
        "FromPort": 50000,
        "GroupId": {
          "Ref": "TestECSDLTEcsSecurityGroupFE5016DC",
        },
        "IpProtocol": "tcp",
        "SourceSecurityGroupId": {
          "Ref": "TestECSDLTEcsSecurityGroupFE5016DC",
        },
        "ToPort": 50000,
      },
      "Type": "AWS::EC2::SecurityGroupIngress",
    },
    "TestECSDLTTaskDefinitionB261038E": {
      "Properties": {
        "ContainerDefinitions": [
          {
            "Essential": true,
            "Image": "testRepository/testImage:testTag",
            "LogConfiguration": {
              "LogDriver": "awslogs",
              "Options": {
                "awslogs-group": {
                  "Ref": "TestECSDLTCloudWatchLogsGroup505959A6",
                },
                "awslogs-region": {
                  "Ref": "AWS::Region",
                },
                "awslogs-stream-prefix": "load-testing",
              },
            },
            "Memory": 4096,
            "Name": {
              "Fn::Join": [
                "",
                [
                  {
                    "Ref": "AWS::StackName",
                  },
                  "-load-tester",
                ],
              ],
            },
          },
        ],
        "Cpu": "2048",
        "ExecutionRoleArn": {
          "Fn::GetAtt": [
            "TestECSDLTTaskExecutionRole104D057B",
            "Arn",
          ],
        },
        "Memory": "4096",
        "NetworkMode": "awsvpc",
        "RequiresCompatibilities": [
          "FARGATE",
        ],
        "TaskRoleArn": {
          "Fn::GetAtt": [
            "TestECSDLTTaskExecutionRole104D057B",
            "Arn",
          ],
        },
      },
      "Type": "AWS::ECS::TaskDefinition",
    },
    "TestECSDLTTaskExecutionRole104D057B": {
      "Properties": {
        "AssumeRolePolicyDocument": {
          "Statement": [
            {
              "Action": "sts:AssumeRole",
              "Effect": "Allow",
              "Principal": {
                "Service": "ecs-tasks.amazonaws.com",
              },
            },
          ],
          "Version": "2012-10-17",
        },
        "ManagedPolicyArns": [
          {
            "Fn::Join": [
              "",
              [
                "arn:",
                {
                  "Ref": "AWS::Partition",
                },
                ":iam::aws:policy/service-role/AmazonECSTaskExecutionRolePolicy",
              ],
            ],
          },
        ],
        "Policies": [
          {
            "PolicyDocument": {
              "Statement": [
                {
                  "Action": [
                    "s3:HeadObject",
                    "s3:PutObject",
                    "s3:GetObject",
                    "s3:ListBucket",
                  ],
                  "Effect": "Allow",
                  "Resource": [
                    {
                      "Fn::Join": [
                        "",
                        [
                          "arn:",
                          {
                            "Ref": "AWS::Partition",
                          },
                          ":s3:::testscenariobucket",
                        ],
                      ],
                    },
                    {
                      "Fn::Join": [
                        "",
                        [
                          "arn:",
                          {
                            "Ref": "AWS::Partition",
                          },
                          ":s3:::testscenariobucket/*",
                        ],
                      ],
                    },
                  ],
                },
              ],
              "Version": "2012-10-17",
            },
            "PolicyName": "ScenariosS3Policy",
          },
        ],
      },
      "Type": "AWS::IAM::Role",
    },
    "TestPolicyCC05E598": {
      "Properties": {
        "PolicyDocument": {
          "Statement": [
            {
              "Action": "cloudwatch:Get*",
              "Effect": "Allow",
              "Resource": "*",
            },
          ],
          "Version": "2012-10-17",
        },
        "PolicyName": "TestPolicyCC05E598",
        "Roles": [
          {
            "Ref": "TestECSDLTTaskExecutionRole104D057B",
          },
        ],
      },
      "Type": "AWS::IAM::Policy",
    },
  },
}
`;
