// Jest Snapshot v1, https://goo.gl/fbAQLP

exports[`DLT real time data resources Test 1`] = `
{
  "Resources": {
    "TestECSRealTimeDataPublisherF2114D5B": {
      "DependsOn": [
        "TestECSrealTimeDataPublisherRoleEFE9F1CD",
      ],
      "Metadata": {
        "cfn_nag": {
          "rules_to_suppress": [
            {
              "id": "W58",
              "reason": "CloudWatchLogsPolicy covers a permission to write CloudWatch logs.",
            },
            {
              "id": "W89",
              "reason": "This Lambda function does not require a VPC",
            },
            {
              "id": "W92",
              "reason": "Does not run concurrent executions",
            },
          ],
        },
      },
      "Properties": {
        "Code": {
          "S3Bucket": "testbucket",
          "S3Key": "testPrefix/real-time-data-publisher.zip",
        },
        "Description": "Real time data publisher",
        "Environment": {
          "Variables": {
            "IOT_ENDPOINT": "iotEndpoint",
            "MAIN_REGION": "test-region-1",
            "SOLUTION_ID": "testID",
            "VERSION": "testVersion",
          },
        },
        "Handler": "index.handler",
        "Role": {
          "Fn::GetAtt": [
            "TestECSrealTimeDataPublisherRoleEFE9F1CD",
            "Arn",
          ],
        },
        "Runtime": "nodejs16.x",
        "Timeout": 180,
      },
      "Type": "AWS::Lambda::Function",
    },
    "TestECSrealTimeDataPublisherRoleEFE9F1CD": {
      "Properties": {
        "AssumeRolePolicyDocument": {
          "Statement": [
            {
              "Action": "sts:AssumeRole",
              "Effect": "Allow",
              "Principal": {
                "Service": "lambda.amazonaws.com",
              },
            },
          ],
          "Version": "2012-10-17",
        },
        "Policies": [
          {
            "PolicyDocument": {
              "Statement": [
                {
                  "Action": "iot:Publish",
                  "Effect": "Allow",
                  "Resource": {
                    "Fn::Join": [
                      "",
                      [
                        "arn:",
                        {
                          "Ref": "AWS::Partition",
                        },
                        ":iot:test-region-1:",
                        {
                          "Ref": "AWS::AccountId",
                        },
                        ":topic/*",
                      ],
                    ],
                  },
                },
              ],
              "Version": "2012-10-17",
            },
            "PolicyName": "IoTPolicy",
          },
        ],
      },
      "Type": "AWS::IAM::Role",
    },
    "TestLogsGroup54B681C7": {
      "DeletionPolicy": "Retain",
      "Properties": {
        "RetentionInDays": 731,
      },
      "Type": "AWS::Logs::LogGroup",
      "UpdateReplacePolicy": "Retain",
    },
    "TestLogsGroupECSLogSubscriptionFilterBFBFAB24": {
      "DependsOn": [
        "TestLogsGroupECSLogSubscriptionFilterCanInvokeLambdaD7381D91",
      ],
      "Properties": {
        "DestinationArn": {
          "Fn::GetAtt": [
            "TestECSRealTimeDataPublisherF2114D5B",
            "Arn",
          ],
        },
        "FilterPattern": ""INFO: Current:" "live=true"",
        "LogGroupName": {
          "Ref": "TestLogsGroup54B681C7",
        },
      },
      "Type": "AWS::Logs::SubscriptionFilter",
    },
    "TestLogsGroupECSLogSubscriptionFilterCanInvokeLambdaD7381D91": {
      "Properties": {
        "Action": "lambda:InvokeFunction",
        "FunctionName": {
          "Fn::GetAtt": [
            "TestECSRealTimeDataPublisherF2114D5B",
            "Arn",
          ],
        },
        "Principal": "logs.amazonaws.com",
        "SourceArn": {
          "Fn::GetAtt": [
            "TestLogsGroup54B681C7",
            "Arn",
          ],
        },
      },
      "Type": "AWS::Lambda::Permission",
    },
    "TestPolicyCC05E598": {
      "Properties": {
        "PolicyDocument": {
          "Statement": [
            {
              "Action": "cloudwatch:Get*",
              "Effect": "Allow",
              "Resource": "*",
            },
          ],
          "Version": "2012-10-17",
        },
        "PolicyName": "TestPolicyCC05E598",
        "Roles": [
          {
            "Ref": "TestECSrealTimeDataPublisherRoleEFE9F1CD",
          },
        ],
      },
      "Type": "AWS::IAM::Policy",
    },
  },
}
`;
