// Jest Snapshot v1, https://goo.gl/fbAQLP

exports[`DLT Regional Permission Test 1`] = `
{
  "Resources": {
    "TestRegionalPermissionsECSCloudWatchDelMetrics281D272A": {
      "Properties": {
        "PolicyDocument": {
          "Statement": [
            {
              "Action": "logs:DeleteMetricFilter",
              "Effect": "Allow",
              "Resource": "arn:aws:logs:us-east-2:123456789012:log-group:test_log_group_name",
            },
          ],
          "Version": "2012-10-17",
        },
        "PolicyName": {
          "Fn::Join": [
            "",
            [
              "ECSCloudWatchDelMetrics-",
              {
                "Ref": "AWS::StackName",
              },
              "-",
              {
                "Ref": "AWS::Region",
              },
            ],
          ],
        },
        "Roles": [
          "testApiServicesLambdaRoleName",
          "testResultsParserRoleName",
        ],
      },
      "Type": "AWS::IAM::Policy",
    },
    "TestRegionalPermissionsECSCloudWatchPutMetricsdD0A5AD2E": {
      "Properties": {
        "PolicyDocument": {
          "Statement": [
            {
              "Action": "logs:PutMetricFilter",
              "Effect": "Allow",
              "Resource": "arn:aws:logs:us-east-2:123456789012:log-group:test_log_group_name",
            },
          ],
          "Version": "2012-10-17",
        },
        "PolicyName": {
          "Fn::Join": [
            "",
            [
              "ECSCloudWatchPutMetrics-",
              {
                "Ref": "AWS::StackName",
              },
              "-",
              {
                "Ref": "AWS::Region",
              },
            ],
          ],
        },
        "Roles": [
          "testTaskRunnerRoleName",
        ],
      },
      "Type": "AWS::IAM::Policy",
    },
    "TestRegionalPermissionsECSDescribePolicyAA323A68": {
      "Properties": {
        "PolicyDocument": {
          "Statement": [
            {
              "Action": "ecs:DescribeTasks",
              "Effect": "Allow",
              "Resource": {
                "Fn::Join": [
                  "",
                  [
                    "arn:",
                    {
                      "Ref": "AWS::Partition",
                    },
                    ":ecs:",
                    {
                      "Ref": "AWS::Region",
                    },
                    ":",
                    {
                      "Ref": "AWS::AccountId",
                    },
                    ":task/*",
                  ],
                ],
              },
            },
          ],
          "Version": "2012-10-17",
        },
        "PolicyName": {
          "Fn::Join": [
            "",
            [
              "ECSDescribePolicy",
              {
                "Ref": "AWS::Region",
              },
            ],
          ],
        },
        "Roles": [
          "testTaskStatusCheckerRoleName",
        ],
      },
      "Type": "AWS::IAM::Policy",
    },
    "TestRegionalPermissionsECSStopPolicy4B5507E2": {
      "Properties": {
        "PolicyDocument": {
          "Statement": [
            {
              "Action": "ecs:StopTask",
              "Effect": "Allow",
              "Resource": [
                {
                  "Fn::Join": [
                    "",
                    [
                      "arn:",
                      {
                        "Ref": "AWS::Partition",
                      },
                      ":ecs:",
                      {
                        "Ref": "AWS::Region",
                      },
                      ":",
                      {
                        "Ref": "AWS::AccountId",
                      },
                      ":task/*",
                    ],
                  ],
                },
                {
                  "Fn::Join": [
                    "",
                    [
                      "arn:",
                      {
                        "Ref": "AWS::Partition",
                      },
                      ":ecs:",
                      {
                        "Ref": "AWS::Region",
                      },
                      ":",
                      {
                        "Ref": "AWS::AccountId",
                      },
                      ":task-definition/*:*",
                    ],
                  ],
                },
              ],
            },
          ],
          "Version": "2012-10-17",
        },
        "PolicyName": {
          "Fn::Join": [
            "",
            [
              "ECSStopPolicy-",
              {
                "Ref": "AWS::StackName",
              },
              "-",
              {
                "Ref": "AWS::Region",
              },
            ],
          ],
        },
        "Roles": [
          "testTaskCancelerRoleName",
        ],
      },
      "Type": "AWS::IAM::Policy",
    },
    "TestRegionalPermissionsRegionalECRPermsDD807682": {
      "Properties": {
        "PolicyDocument": {
          "Statement": [
            {
              "Action": [
                "ecs:RunTask",
                "ecs:DescribeTasks",
              ],
              "Effect": "Allow",
              "Resource": [
                {
                  "Fn::Join": [
                    "",
                    [
                      "arn:",
                      {
                        "Ref": "AWS::Partition",
                      },
                      ":ecs:",
                      {
                        "Ref": "AWS::Region",
                      },
                      ":",
                      {
                        "Ref": "AWS::AccountId",
                      },
                      ":task/*",
                    ],
                  ],
                },
                {
                  "Fn::Join": [
                    "",
                    [
                      "arn:",
                      {
                        "Ref": "AWS::Partition",
                      },
                      ":ecs:",
                      {
                        "Ref": "AWS::Region",
                      },
                      ":",
                      {
                        "Ref": "AWS::AccountId",
                      },
                      ":task-definition/*:*",
                    ],
                  ],
                },
              ],
            },
            {
              "Action": "iam:PassRole",
              "Effect": "Allow",
              "Resource": "arn:aws:iam::123456789012:role/testRole",
            },
          ],
          "Version": "2012-10-17",
        },
        "PolicyName": {
          "Fn::Join": [
            "",
            [
              "RegionalECRPerms-",
              {
                "Ref": "AWS::StackName",
              },
              "-",
              {
                "Ref": "AWS::Region",
              },
            ],
          ],
        },
        "Roles": [
          "testTaskRunnerRoleName",
          "testApiServicesLambdaRoleName",
        ],
      },
      "Type": "AWS::IAM::Policy",
    },
  },
}
`;
