// Jest Snapshot v1, https://goo.gl/fbAQLP

exports[`DLT Task Lambda Test 1`] = `
{
  "Resources": {
    "TaskRunnerLambdaFunctionsDLTTestLambdaTaskRoleCB13DE78": {
      "Metadata": {
        "cfn_nag": {
          "rules_to_suppress": [
            {
              "id": "W11",
              "reason": "ecs:ListTasks does not support resource level permissions",
            },
          ],
        },
      },
      "Properties": {
        "AssumeRolePolicyDocument": {
          "Statement": [
            {
              "Action": "sts:AssumeRole",
              "Effect": "Allow",
              "Principal": {
                "Service": "lambda.amazonaws.com",
              },
            },
          ],
          "Version": "2012-10-17",
        },
        "Policies": [
          {
            "PolicyDocument": {
              "Statement": [
                {
                  "Action": "ecs:ListTasks",
                  "Effect": "Allow",
                  "Resource": "*",
                },
                {
                  "Action": [
                    "ecs:RunTask",
                    "ecs:DescribeTasks",
                  ],
                  "Effect": "Allow",
                  "Resource": [
                    {
                      "Fn::Join": [
                        "",
                        [
                          "arn:",
                          {
                            "Ref": "AWS::Partition",
                          },
                          ":ecs:",
                          {
                            "Ref": "AWS::Region",
                          },
                          ":",
                          {
                            "Ref": "AWS::AccountId",
                          },
                          ":task/*",
                        ],
                      ],
                    },
                    {
                      "Fn::Join": [
                        "",
                        [
                          "arn:",
                          {
                            "Ref": "AWS::Partition",
                          },
                          ":ecs:",
                          {
                            "Ref": "AWS::Region",
                          },
                          ":",
                          {
                            "Ref": "AWS::AccountId",
                          },
                          ":task-definition/*:*",
                        ],
                      ],
                    },
                  ],
                },
                {
                  "Action": "iam:PassRole",
                  "Effect": "Allow",
                  "Resource": "arn:aws:iam:us-east-1:111122223333:roleArn",
                },
                {
                  "Action": "logs:PutMetricFilter",
                  "Effect": "Allow",
                  "Resource": {
                    "Fn::GetAtt": [
                      "TestLogsGroup54B681C7",
                      "Arn",
                    ],
                  },
                },
                {
                  "Action": "cloudwatch:PutDashboard",
                  "Effect": "Allow",
                  "Resource": {
                    "Fn::Join": [
                      "",
                      [
                        "arn:",
                        {
                          "Ref": "AWS::Partition",
                        },
                        ":cloudwatch::",
                        {
                          "Ref": "AWS::AccountId",
                        },
                        ":dashboard/EcsLoadTesting*",
                      ],
                    ],
                  },
                },
              ],
              "Version": "2012-10-17",
            },
            "PolicyName": "TaskLambdaPolicy",
          },
        ],
      },
      "Type": "AWS::IAM::Role",
    },
    "TaskRunnerLambdaFunctionsLambdaResultsPolicy6D0AF2FB": {
      "Metadata": {
        "cfn_nag": {
          "rules_to_suppress": [
            {
              "id": "W12",
              "reason": "The action does not support resource level permissions.",
            },
          ],
        },
      },
      "Properties": {
        "PolicyDocument": {
          "Statement": [
            {
              "Action": "cloudwatch:GetMetricWidgetImage",
              "Effect": "Allow",
              "Resource": "*",
            },
            {
              "Action": "logs:DeleteMetricFilter",
              "Effect": "Allow",
              "Resource": {
                "Fn::GetAtt": [
                  "TestLogsGroup54B681C7",
                  "Arn",
                ],
              },
            },
          ],
          "Version": "2012-10-17",
        },
        "PolicyName": "TaskRunnerLambdaFunctionsLambdaResultsPolicy6D0AF2FB",
        "Roles": [
          {
            "Ref": "TaskRunnerLambdaFunctionsLambdaResultsRole1AF5AB18",
          },
        ],
      },
      "Type": "AWS::IAM::Policy",
    },
    "TaskRunnerLambdaFunctionsLambdaResultsRole1AF5AB18": {
      "Metadata": {
        "cfn_nag": {
          "rules_to_suppress": [
            {
              "id": "W12",
              "reason": "The action does not support resource level permissions.",
            },
          ],
        },
      },
      "Properties": {
        "AssumeRolePolicyDocument": {
          "Statement": [
            {
              "Action": "sts:AssumeRole",
              "Effect": "Allow",
              "Principal": {
                "Service": "lambda.amazonaws.com",
              },
            },
          ],
          "Version": "2012-10-17",
        },
      },
      "Type": "AWS::IAM::Role",
    },
    "TaskRunnerLambdaFunctionsLambdaTaskCancelerRoleEEC6795B": {
      "Metadata": {
        "cfn_nag": {
          "rules_to_suppress": [
            {
              "id": "W11",
              "reason": "ecs:ListTasks does not support resource level permissions",
            },
          ],
        },
      },
      "Properties": {
        "AssumeRolePolicyDocument": {
          "Statement": [
            {
              "Action": "sts:AssumeRole",
              "Effect": "Allow",
              "Principal": {
                "Service": "lambda.amazonaws.com",
              },
            },
          ],
          "Version": "2012-10-17",
        },
        "Policies": [
          {
            "PolicyDocument": {
              "Statement": [
                {
                  "Action": "ecs:ListTasks",
                  "Effect": "Allow",
                  "Resource": "*",
                },
                {
                  "Action": "ecs:StopTask",
                  "Effect": "Allow",
                  "Resource": [
                    {
                      "Fn::Join": [
                        "",
                        [
                          "arn:",
                          {
                            "Ref": "AWS::Partition",
                          },
                          ":ecs:",
                          {
                            "Ref": "AWS::Region",
                          },
                          ":",
                          {
                            "Ref": "AWS::AccountId",
                          },
                          ":task/*",
                        ],
                      ],
                    },
                    {
                      "Fn::Join": [
                        "",
                        [
                          "arn:",
                          {
                            "Ref": "AWS::Partition",
                          },
                          ":ecs:",
                          {
                            "Ref": "AWS::Region",
                          },
                          ":",
                          {
                            "Ref": "AWS::AccountId",
                          },
                          ":task-definition/*:*",
                        ],
                      ],
                    },
                  ],
                },
                {
                  "Action": "dynamodb:UpdateItem",
                  "Effect": "Allow",
                  "Resource": {
                    "Fn::GetAtt": [
                      "TestTable5769773A",
                      "Arn",
                    ],
                  },
                },
              ],
              "Version": "2012-10-17",
            },
            "PolicyName": "TaskCancelerPolicy",
          },
        ],
      },
      "Type": "AWS::IAM::Role",
    },
    "TaskRunnerLambdaFunctionsResultsParserD7D42F22": {
      "DependsOn": [
        "TaskRunnerLambdaFunctionsLambdaResultsRole1AF5AB18",
      ],
      "Metadata": {
        "cfn_nag": {
          "rules_to_suppress": [
            {
              "id": "W58",
              "reason": "CloudWatchLogsPolicy covers a permission to write CloudWatch logs.",
            },
            {
              "id": "W89",
              "reason": "This Lambda function does not require a VPC",
            },
            {
              "id": "W92",
              "reason": "Does not run concurrent executions",
            },
          ],
        },
      },
      "Properties": {
        "Code": {
          "S3Bucket": "testbucket",
          "S3Key": "testPrefix/results-parser.zip",
        },
        "Description": "Result parser for indexing xml test results to DynamoDB",
        "Environment": {
          "Variables": {
            "HISTORY_TABLE": {
              "Ref": "TestTable5769773A",
            },
            "METRIC_URL": "test.example.net",
            "SCENARIOS_BUCKET": "testBucket",
            "SCENARIOS_TABLE": {
              "Ref": "TestTable5769773A",
            },
            "SEND_METRIC": "No",
            "SOLUTION_ID": "testId",
            "UUID": "testId",
            "VERSION": "testVersion",
          },
        },
        "Handler": "index.handler",
        "Role": {
          "Fn::GetAtt": [
            "TaskRunnerLambdaFunctionsLambdaResultsRole1AF5AB18",
            "Arn",
          ],
        },
        "Runtime": "nodejs16.x",
        "Timeout": 120,
      },
      "Type": "AWS::Lambda::Function",
    },
    "TaskRunnerLambdaFunctionsTaskCancelerDAA76ED9": {
      "DependsOn": [
        "TaskRunnerLambdaFunctionsLambdaTaskCancelerRoleEEC6795B",
      ],
      "Metadata": {
        "cfn_nag": {
          "rules_to_suppress": [
            {
              "id": "W58",
              "reason": "CloudWatchLogsPolicy covers a permission to write CloudWatch logs.",
            },
            {
              "id": "W89",
              "reason": "This Lambda function does not require a VPC",
            },
            {
              "id": "W92",
              "reason": "Does not run concurrent executions",
            },
          ],
        },
      },
      "Properties": {
        "Code": {
          "S3Bucket": "testbucket",
          "S3Key": "testPrefix/task-canceler.zip",
        },
        "Description": "Stops ECS task",
        "Environment": {
          "Variables": {
            "METRIC_URL": "test.example.net",
            "SCENARIOS_TABLE": {
              "Ref": "TestTable5769773A",
            },
            "SOLUTION_ID": "testId",
            "VERSION": "testVersion",
          },
        },
        "Handler": "index.handler",
        "Role": {
          "Fn::GetAtt": [
            "TaskRunnerLambdaFunctionsLambdaTaskCancelerRoleEEC6795B",
            "Arn",
          ],
        },
        "Runtime": "nodejs16.x",
        "Timeout": 300,
      },
      "Type": "AWS::Lambda::Function",
    },
    "TaskRunnerLambdaFunctionsTaskCancelerInvokePolicyD51068E2": {
      "Properties": {
        "PolicyDocument": {
          "Statement": [
            {
              "Action": "lambda:InvokeFunction",
              "Effect": "Allow",
              "Resource": {
                "Fn::GetAtt": [
                  "TaskRunnerLambdaFunctionsTaskCancelerDAA76ED9",
                  "Arn",
                ],
              },
            },
          ],
          "Version": "2012-10-17",
        },
        "PolicyName": "TaskRunnerLambdaFunctionsTaskCancelerInvokePolicyD51068E2",
        "Roles": [
          {
            "Ref": "TaskRunnerLambdaFunctionsTaskStatusRole4B498DE5",
          },
        ],
      },
      "Type": "AWS::IAM::Policy",
    },
    "TaskRunnerLambdaFunctionsTaskRunner626792CE": {
      "DependsOn": [
        "TaskRunnerLambdaFunctionsDLTTestLambdaTaskRoleCB13DE78",
      ],
      "Metadata": {
        "cfn_nag": {
          "rules_to_suppress": [
            {
              "id": "W58",
              "reason": "CloudWatchLogsPolicy covers a permission to write CloudWatch logs.",
            },
            {
              "id": "W89",
              "reason": "This Lambda function does not require a VPC",
            },
            {
              "id": "W92",
              "reason": "Does not run concurrent executions",
            },
          ],
        },
      },
      "Properties": {
        "Code": {
          "S3Bucket": "testbucket",
          "S3Key": "testPrefix/task-runner.zip",
        },
        "Description": "Task runner for ECS task definitions",
        "Environment": {
          "Variables": {
            "SCENARIOS_BUCKET": "testBucket",
            "SCENARIOS_TABLE": {
              "Ref": "TestTable5769773A",
            },
            "SOLUTION_ID": "testId",
            "VERSION": "testVersion",
          },
        },
        "Handler": "index.handler",
        "Role": {
          "Fn::GetAtt": [
            "TaskRunnerLambdaFunctionsDLTTestLambdaTaskRoleCB13DE78",
            "Arn",
          ],
        },
        "Runtime": "nodejs16.x",
        "Timeout": 900,
      },
      "Type": "AWS::Lambda::Function",
    },
    "TaskRunnerLambdaFunctionsTaskStatusCheckerBA69E13B": {
      "DependsOn": [
        "TaskRunnerLambdaFunctionsTaskStatusRole4B498DE5",
      ],
      "Metadata": {
        "cfn_nag": {
          "rules_to_suppress": [
            {
              "id": "W58",
              "reason": "CloudWatchLogsPolicy covers a permission to write CloudWatch logs.",
            },
            {
              "id": "W89",
              "reason": "This Lambda function does not require a VPC",
            },
            {
              "id": "W92",
              "reason": "Does not run concurrent executions",
            },
          ],
        },
      },
      "Properties": {
        "Code": {
          "S3Bucket": "testbucket",
          "S3Key": "testPrefix/task-status-checker.zip",
        },
        "Description": "Task status checker",
        "Environment": {
          "Variables": {
            "SCENARIOS_TABLE": {
              "Ref": "TestTable5769773A",
            },
            "SOLUTION_ID": "testId",
            "TASK_CANCELER_ARN": {
              "Fn::GetAtt": [
                "TaskRunnerLambdaFunctionsTaskCancelerDAA76ED9",
                "Arn",
              ],
            },
            "VERSION": "testVersion",
          },
        },
        "Handler": "index.handler",
        "Role": {
          "Fn::GetAtt": [
            "TaskRunnerLambdaFunctionsTaskStatusRole4B498DE5",
            "Arn",
          ],
        },
        "Runtime": "nodejs16.x",
        "Timeout": 180,
      },
      "Type": "AWS::Lambda::Function",
    },
    "TaskRunnerLambdaFunctionsTaskStatusRole4B498DE5": {
      "Metadata": {
        "cfn_nag": {
          "rules_to_suppress": [
            {
              "id": "W11",
              "reason": "ecs:ListTasks does not support resource level permissions",
            },
          ],
        },
      },
      "Properties": {
        "AssumeRolePolicyDocument": {
          "Statement": [
            {
              "Action": "sts:AssumeRole",
              "Effect": "Allow",
              "Principal": {
                "Service": "lambda.amazonaws.com",
              },
            },
          ],
          "Version": "2012-10-17",
        },
        "Policies": [
          {
            "PolicyDocument": {
              "Statement": [
                {
                  "Action": "ecs:ListTasks",
                  "Effect": "Allow",
                  "Resource": "*",
                },
                {
                  "Action": "ecs:DescribeTasks",
                  "Effect": "Allow",
                  "Resource": {
                    "Fn::Join": [
                      "",
                      [
                        "arn:",
                        {
                          "Ref": "AWS::Partition",
                        },
                        ":ecs:",
                        {
                          "Ref": "AWS::Region",
                        },
                        ":",
                        {
                          "Ref": "AWS::AccountId",
                        },
                        ":task/*",
                      ],
                    ],
                  },
                },
              ],
              "Version": "2012-10-17",
            },
            "PolicyName": "TaskStatusPolicy",
          },
        ],
      },
      "Type": "AWS::IAM::Role",
    },
    "TestDynamoDBPolicy7AA7B6CD": {
      "Properties": {
        "PolicyDocument": {
          "Statement": [
            {
              "Action": "dynamodb:*",
              "Effect": "Deny",
              "Resource": "*",
            },
          ],
          "Version": "2012-10-17",
        },
        "PolicyName": "TestDynamoDBPolicy7AA7B6CD",
        "Roles": [
          {
            "Ref": "TaskRunnerLambdaFunctionsLambdaResultsRole1AF5AB18",
          },
          {
            "Ref": "TaskRunnerLambdaFunctionsDLTTestLambdaTaskRoleCB13DE78",
          },
          {
            "Ref": "TaskRunnerLambdaFunctionsTaskStatusRole4B498DE5",
          },
        ],
      },
      "Type": "AWS::IAM::Policy",
    },
    "TestLogsGroup54B681C7": {
      "DeletionPolicy": "Retain",
      "Properties": {
        "RetentionInDays": 731,
      },
      "Type": "AWS::Logs::LogGroup",
      "UpdateReplacePolicy": "Retain",
    },
    "TestPolicyCC05E598": {
      "Properties": {
        "PolicyDocument": {
          "Statement": [
            {
              "Action": "cloudwatch:Get*",
              "Effect": "Allow",
              "Resource": "*",
            },
          ],
          "Version": "2012-10-17",
        },
        "PolicyName": "TestPolicyCC05E598",
        "Roles": [
          {
            "Ref": "TaskRunnerLambdaFunctionsLambdaResultsRole1AF5AB18",
          },
          {
            "Ref": "TaskRunnerLambdaFunctionsDLTTestLambdaTaskRoleCB13DE78",
          },
          {
            "Ref": "TaskRunnerLambdaFunctionsLambdaTaskCancelerRoleEEC6795B",
          },
          {
            "Ref": "TaskRunnerLambdaFunctionsTaskStatusRole4B498DE5",
          },
        ],
      },
      "Type": "AWS::IAM::Policy",
    },
    "TestS3Policy438528DE": {
      "Properties": {
        "PolicyDocument": {
          "Statement": [
            {
              "Action": "s3:*",
              "Effect": "Deny",
              "Resource": "*",
            },
          ],
          "Version": "2012-10-17",
        },
        "PolicyName": "TestS3Policy438528DE",
        "Roles": [
          {
            "Ref": "TaskRunnerLambdaFunctionsLambdaResultsRole1AF5AB18",
          },
        ],
      },
      "Type": "AWS::IAM::Policy",
    },
    "TestTable5769773A": {
      "DeletionPolicy": "Retain",
      "Properties": {
        "AttributeDefinitions": [
          {
            "AttributeName": "id",
            "AttributeType": "S",
          },
        ],
        "KeySchema": [
          {
            "AttributeName": "id",
            "KeyType": "HASH",
          },
        ],
        "ProvisionedThroughput": {
          "ReadCapacityUnits": 5,
          "WriteCapacityUnits": 5,
        },
      },
      "Type": "AWS::DynamoDB::Table",
      "UpdateReplacePolicy": "Retain",
    },
  },
}
`;
