// Jest Snapshot v1, https://goo.gl/fbAQLP

exports[`DLT VPC Test 1`] = `
{
  "Resources": {
    "TestVPCDLTFargateIG4FFBAA11": {
      "Type": "AWS::EC2::InternetGateway",
    },
    "TestVPCDLTFargateRT6952750D": {
      "Properties": {
        "VpcId": {
          "Ref": "TestVPCDLTFargateVpc0EC32C36",
        },
      },
      "Type": "AWS::EC2::RouteTable",
    },
    "TestVPCDLTFargateVpc0EC32C36": {
      "Metadata": {
        "cfn_nag": {
          "rules_to_suppress": [
            {
              "id": "W60",
              "reason": "This VPC is used for the test runner Fargate tasks only, it does not require VPC flow logs.",
            },
          ],
        },
      },
      "Properties": {
        "CidrBlock": "10.0.0.0/16",
        "EnableDnsHostnames": true,
        "EnableDnsSupport": true,
        "Tags": [
          {
            "Key": "Name",
            "Value": {
              "Ref": "AWS::StackName",
            },
          },
        ],
      },
      "Type": "AWS::EC2::VPC",
    },
    "TestVPCDLTGatewayattachment7F5F62C2": {
      "Properties": {
        "InternetGatewayId": {
          "Ref": "TestVPCDLTFargateIG4FFBAA11",
        },
        "VpcId": {
          "Ref": "TestVPCDLTFargateVpc0EC32C36",
        },
      },
      "Type": "AWS::EC2::VPCGatewayAttachment",
    },
    "TestVPCDLTRoute5972150C": {
      "DependsOn": [
        "TestVPCDLTGatewayattachment7F5F62C2",
      ],
      "Properties": {
        "DestinationCidrBlock": "0.0.0.0/0",
        "GatewayId": {
          "Ref": "TestVPCDLTFargateIG4FFBAA11",
        },
        "RouteTableId": {
          "Ref": "TestVPCDLTFargateRT6952750D",
        },
      },
      "Type": "AWS::EC2::Route",
    },
    "TestVPCDLTRouteTableAssociationAD1563098": {
      "Properties": {
        "RouteTableId": {
          "Ref": "TestVPCDLTFargateRT6952750D",
        },
        "SubnetId": {
          "Ref": "TestVPCDLTSubnetA8E320A43",
        },
      },
      "Type": "AWS::EC2::SubnetRouteTableAssociation",
    },
    "TestVPCDLTRouteTableAssociationB831818FD": {
      "Properties": {
        "RouteTableId": {
          "Ref": "TestVPCDLTFargateRT6952750D",
        },
        "SubnetId": {
          "Ref": "TestVPCDLTSubnetB7A2BD254",
        },
      },
      "Type": "AWS::EC2::SubnetRouteTableAssociation",
    },
    "TestVPCDLTSubnetA8E320A43": {
      "Properties": {
        "AvailabilityZone": {
          "Fn::Select": [
            0,
            {
              "Fn::GetAZs": "",
            },
          ],
        },
        "CidrBlock": "10.0.0.0/24",
        "VpcId": {
          "Ref": "TestVPCDLTFargateVpc0EC32C36",
        },
      },
      "Type": "AWS::EC2::Subnet",
    },
    "TestVPCDLTSubnetB7A2BD254": {
      "Properties": {
        "AvailabilityZone": {
          "Fn::Select": [
            1,
            {
              "Fn::GetAZs": "",
            },
          ],
        },
        "CidrBlock": "10.0.1.0/24",
        "VpcId": {
          "Ref": "TestVPCDLTFargateVpc0EC32C36",
        },
      },
      "Type": "AWS::EC2::Subnet",
    },
  },
}
`;
